src/app/activate-mind/page.tsx(111,37): error TS2322: Type '{ position: string; onPieceDrop: (sourceSquare: string, targetSquare: string) => boolean; boardOrientation: string; customDarkSquareStyle: { backgroundColor: string; }; customLightSquareStyle: { ...; }; }' is not assignable to type 'IntrinsicAttributes & ChessboardProps'.
  Property 'position' does not exist on type 'IntrinsicAttributes & ChessboardProps'.
